ftp://d:d@dygodj8.com:12311/[电影天堂www.dy2018.com]老爸不好当HD高清中字.mp4
ftp://d:d@dygodj8.com:12311/[电影天堂www.dy2018.com]金色梦乡HD韩语中字.mp4
ftp://d:d@dygodj8.com:12311/[电影天堂www.dy2018.com]局外人BD中英双字.mp4
ftp://d:d@dygodj8.com:12311/[电影天堂www.dy2018.com]夕阳特工BD中英双字.mp4
ftp://z:z@dygod18.com:21211/[电影天堂www.dy2018.com]蝴蝶公墓HD高清国语中字.mkv
ftp://d:d@dygodj8.com:12311/[电影天堂www.dy2018.com]兴夫HD韩语中字.mp4
ftp://d:d@dygodj8.com:12311/[电影天堂www.dy2018.com]布拉文BD中英双字.mp4
ftp://d:d@dygodj8.com:12311/[电影天堂www.dy2018.com]准许BD中英双字.mp4
ftp://d:d@dygodj8.com:12311/[电影天堂www.dy2018.com]热血街区电影版2BD日语中字.mp4
ftp://d:d@dygodj8.com:12311/[电影天堂www.dy2018.com]大坏狐狸的故事BD中法双字.mp4
ftp://d:d@dygodj8.com:12311/[电影天堂www.dy2018.com]今晚打丧尸BD粤语中字.mp4
ftp://d:d@dygodj8.com:12311/[电影天堂www.dy2018.com]拟音HD高清国语中字.mp4
ftp://d:d@dygodj8.com:12311/[电影天堂www.dy2018.com]白夜侠HD高清国语中字.mp4
ftp://d:d@dygodj8.com:12311/[电影天堂www.dy2018.com]中国推销员BD中英双字.mp4
ftp://d:d@dygodj8.com:12311/[电影天堂www.dy2018.com]圣诞星BD中英双字.mp4
ftp://d:d@dygodj8.com:12311/[电影天堂www.dy2018.com]冬季战争BD法语中字.mp4
ftp://d:d@dygodj8.com:12311/[电影天堂www.dy2018.com]抢红BD国语中字.mp4
ftp://d:d@dygodj8.com:12311/[电影天堂www.dy2018.com]盲·道HD高清国语中英双字.mp4
ftp://d:d@dygodj8.com:12311/[电影天堂www.dy2018.com]一路绽放HD高清国语中英双字.mp4
ftp://d:d@dygodj8.com:12311/[电影天堂www.dy2018.com]不良街区HD高清国语中英双字.mp4
ftp://d:d@dygodj8.com:12311/[电影天堂www.dy2018.com]识色，幸也HD高清国语中英双字.mp4
ftp://d:d@dygodj8.com:12311/[电影天堂www.dy2018.com]巨人BD中字.mp4
ftp://d:d@dygodj8.com:12311/[电影天堂www.dy2018.com]养鬼吃人10：审判BD中英双字.mp4
ftp://d:d@dygodj8.com:12311/[电影天堂www.dy2018.com]鸟女BD日语中字.mp4
ftp://d:d@dygodj8.com:12311/[电影天堂www.dy2018.com]浪矢解忧杂货店BD日语中字.mp4
ftp://d:d@dygodj8.com:12311/[电影天堂www.dy2018.com]薙刀社青春日记HD日语中字.mp4
ftp://d:d@dygodj8.com:12311/[电影天堂www.dy2018.com]无巧不成婚BD法语中字.mp4
ftp://d:d@dygodj8.com:12311/[电影天堂www.dy2018.com]养家之人BD中英双字.mp4
ftp://d:d@dygodj8.com:12311/[电影天堂www.dy2018.com]困兽之斗BD中字.mp4
ftp://d:d@dygodj8.com:12311/[电影天堂www.dy2018.com]私运之人BD中英双字.mp4
ftp://d:d@dygodj8.com:12311/[电影天堂www.dy2018.com]毒鲨BD中英双字.mp4
ftp://d:d@dygodj8.com:12311/[电影天堂www.dy2018.com]yu神同行HD韩语中字.mp4
ftp://d:d@dygodj8.com:12311/[电影天堂www.dy2018.com]摩天轮BD中英双字.mp4
ftp://d:d@dygodj8.com:12311/[电影天堂www.dy2018.com]静音BD中英双字.mp4
ftp://d:d@dygodj8.com:12311/[电影天堂www.dy2018.com]冒牌监护人之寻宝闹翻天HD国语中字.mp4
ftp://d:d@dygodj8.com:12311/[电影天堂www.dy2018.com]老虎是活的BD中字.mp4
ftp://d:d@dygodj8.com:12311/[电影天堂www.dy2018.com]无手的少女BD中法双字.mp4
ftp://d:d@dygodj8.com:12311/[电影天堂www.dy2018.com]云端BD中英双字.mp4
ftp://d:d@dygodj8.com:12311/[电影天堂www.dy2018.com]布里斯堡BD中英双字.mp4
ftp://d:d@dygodj8.com:12311/[电影天堂www.dy2018.com]快乐结局BD法语中字.mp4
ftp://d:d@dygodj8.com:12311/[电影天堂www.dy2018.com]见习修女BD中英双字.mp4
ftp://d:d@dygodj8.com:12311/[电影天堂www.dy2018.com]致命邻居BD中英双字.mp4
ftp://d:d@dygodj8.com:12311/[电影天堂www.dy2018.com]斯大林之死BD中英双字.mp4
ftp://d:d@dygodj8.com:12311/[电影天堂www.dy2018.com]钢之炼金术师真人版HD日语中字.mp4
ftp://d:d@dygodj8.com:12311/[电影天堂www.dy2018.com]重返初遇之夜BD中字.mp4
ftp://d:d@dygodj8.com:12311/[电影天堂www.dy2018.com]网关BD中英双字.mp4
ftp://d:d@dygodj8.com:12311/[电影天堂www.dy2018.com]夺命五头鲨BD中英双字.mp4
ftp://d:d@dygodj8.com:12311/[电影天堂www.dy2018.com]双龙会2BD中英双字.mp4
